const quantiloom::GenericSensor::`vftable'
private: quantiloom::Config::Config(class std::unique_ptr<struct quantiloom::Config::Impl,struct std::default_delete<struct quantiloom::Config::Impl> >)
private: quantiloom::ExternalRenderContext::ExternalRenderContext(void)
private: static enum quantiloom::Log::Level quantiloom::Log::s_CurrentLevel
public: __int64 quantiloom::Config::Get<__int64>(class std::basic_string_view<char,struct std::char_traits<char> >,__int64 const &)const
public: __int64 quantiloom::Config::GetInt64(class std::basic_string_view<char,struct std::char_traits<char> >,__int64)const
public: bool quantiloom::AtmosphereNNConfig::ApplyPreset(class std::basic_string<char,struct std::char_traits<char>,class std::allocator<char> > const &)
public: bool quantiloom::Config::Get<bool>(class std::basic_string_view<char,struct std::char_traits<char> >,bool const &)const
public: bool quantiloom::Config::GetBool(class std::basic_string_view<char,struct std::char_traits<char> >,bool)const
public: bool quantiloom::Config::Has(class std::basic_string_view<char,struct std::char_traits<char> >)const
public: bool quantiloom::Config::HasSection(class std::basic_string_view<char,struct std::char_traits<char> >)const
public: bool quantiloom::ExternalRenderContext::HasEnvironmentMap(void)const
public: bool quantiloom::ExternalRenderContext::HasScene(void)const
public: bool quantiloom::ExternalRenderContext::IsGPUSensorEnabled(void)const
public: bool quantiloom::ExternalRenderContext::IsReady(void)const
public: bool quantiloom::ExternalRenderContext::RemoveNode(unsigned int)
public: bool quantiloom::Material::HasIRData(void)const
public: bool quantiloom::Material::HasQuantiloomRef(void)const
public: bool quantiloom::Material::HasTextures(void)const
public: bool quantiloom::Material::IsValid(void)const
public: bool quantiloom::Material::ValidateIRKirchhoffLaw(void)const
public: bool quantiloom::Scene::IsValid(void)const
public: class quantiloom::Camera const & quantiloom::ExternalRenderContext::GetCamera(void)const
public: class quantiloom::Config & quantiloom::Config::operator=(class quantiloom::Config &&)
public: class quantiloom::Config & quantiloom::Config::operator=(class quantiloom::Config const &)
public: class quantiloom::ExternalRenderContext & quantiloom::ExternalRenderContext::operator=(class quantiloom::ExternalRenderContext &&)
public: class quantiloom::ImageIO & quantiloom::ImageIO::operator=(class quantiloom::ImageIO &&)
public: class quantiloom::ImageIO & quantiloom::ImageIO::operator=(class quantiloom::ImageIO const &)
public: class quantiloom::Log & quantiloom::Log::operator=(class quantiloom::Log &&)
public: class quantiloom::Log & quantiloom::Log::operator=(class quantiloom::Log const &)
public: class quantiloom::Result<__int64,class std::basic_string<char,struct std::char_traits<char>,class std::allocator<char> > > quantiloom::Config::GetRequired<__int64>(class std::basic_string_view<char,struct std::char_traits<char> >)const
public: class quantiloom::Result<bool,class std::basic_string<char,struct std::char_traits<char>,class std::allocator<char> > > quantiloom::Config::GetRequired<bool>(class std::basic_string_view<char,struct std::char_traits<char> >)const
public: class quantiloom::Result<bool,class std::basic_string<char,struct std::char_traits<char>,class std::allocator<char> > > quantiloom::Config::GetRequiredBool(class std::basic_string_view<char,struct std::char_traits<char> >)const
public: class quantiloom::Result<class quantiloom::Config,class std::basic_string<char,struct std::char_traits<char>,class std::allocator<char> > > quantiloom::Config::GetTable(class std::basic_string_view<char,struct std::char_traits<char> >)const
public: class quantiloom::Result<class std::basic_string<char,struct std::char_traits<char>,class std::allocator<char> >,class std::basic_string<char,struct std::char_traits<char>,class std::allocator<char> > > quantiloom::Config::GetRequired<class std::basic_string<char,struct std::char_traits<char>,class std::allocator<char> > >(class std::basic_string_view<char,struct std::char_traits<char> >)const
public: class quantiloom::Result<class std::basic_string<char,struct std::char_traits<char>,class std::allocator<char> >,class std::basic_string<char,struct std::char_traits<char>,class std::allocator<char> > > quantiloom::Config::GetRequiredString(class std::basic_string_view<char,struct std::char_traits<char> >)const
public: class quantiloom::Result<double,class std::basic_string<char,struct std::char_traits<char>,class std::allocator<char> > > quantiloom::Config::GetRequired<double>(class std::basic_string_view<char,struct std::char_traits<char> >)const
public: class quantiloom::Result<float,class std::basic_string<char,struct std::char_traits<char>,class std::allocator<char> > > quantiloom::Config::GetRequired<float>(class std::basic_string_view<char,struct std::char_traits<char> >)const
public: class quantiloom::Result<float,class std::basic_string<char,struct std::char_traits<char>,class std::allocator<char> > > quantiloom::Config::GetRequiredFloat(class std::basic_string_view<char,struct std::char_traits<char> >)const
public: class quantiloom::Result<int,class std::basic_string<char,struct std::char_traits<char>,class std::allocator<char> > > quantiloom::Config::GetRequired<int>(class std::basic_string_view<char,struct std::char_traits<char> >)const
public: class quantiloom::Result<int,class std::basic_string<char,struct std::char_traits<char>,class std::allocator<char> > > quantiloom::Config::GetRequiredInt(class std::basic_string_view<char,struct std::char_traits<char> >)const
public: class quantiloom::Result<struct glm::vec<4,float,0>,class std::basic_string<char,struct std::char_traits<char>,class std::allocator<char> > > quantiloom::ExternalRenderContext::ReadPixelValue(unsigned int,unsigned int)
public: class quantiloom::Result<struct quantiloom::Image,class std::basic_string<char,struct std::char_traits<char>,class std::allocator<char> > > quantiloom::ExternalRenderContext::CaptureDisplayImage(void)
public: class quantiloom::Result<struct quantiloom::Image,class std::basic_string<char,struct std::char_traits<char>,class std::allocator<char> > > quantiloom::ExternalRenderContext::CaptureScreenshot(void)
public: class quantiloom::Result<unsigned __int64,class std::basic_string<char,struct std::char_traits<char>,class std::allocator<char> > > quantiloom::Config::GetRequired<unsigned __int64>(class std::basic_string_view<char,struct std::char_traits<char> >)const
public: class quantiloom::Result<unsigned int,class std::basic_string<char,struct std::char_traits<char>,class std::allocator<char> > > quantiloom::Config::GetRequired<unsigned int>(class std::basic_string_view<char,struct std::char_traits<char> >)const
public: class quantiloom::Result<void,class std::basic_string<char,struct std::char_traits<char>,class std::allocator<char> > > quantiloom::ExternalRenderContext::LoadEnvironmentMap(class std::basic_string<char,struct std::char_traits<char>,class std::allocator<char> > const &)
public: class quantiloom::Result<void,class std::basic_string<char,struct std::char_traits<char>,class std::allocator<char> > > quantiloom::ExternalRenderContext::LoadScene(class quantiloom::Config const &)
public: class quantiloom::Result<void,class std::basic_string<char,struct std::char_traits<char>,class std::allocator<char> > > quantiloom::ExternalRenderContext::LoadSceneFromConfig(class std::basic_string<char,struct std::char_traits<char>,class std::allocator<char> > const &)
public: class quantiloom::Result<void,class std::basic_string<char,struct std::char_traits<char>,class std::allocator<char> > > quantiloom::ExternalRenderContext::LoadSceneFromGltf(class std::basic_string<char,struct std::char_traits<char>,class std::allocator<char> > const &)
public: class quantiloom::Result<void,class std::basic_string<char,struct std::char_traits<char>,class std::allocator<char> > > quantiloom::ExternalRenderContext::LoadSceneFromUsd(class std::basic_string<char,struct std::char_traits<char>,class std::allocator<char> > const &)
public: class quantiloom::Scene & quantiloom::Scene::operator=(class quantiloom::Scene &&)
public: class quantiloom::Scene & quantiloom::Scene::operator=(class quantiloom::Scene const &)
public: class quantiloom::Scene const * quantiloom::ExternalRenderContext::GetScene(void)const
public: class quantiloom::SpectralIO & quantiloom::SpectralIO::operator=(class quantiloom::SpectralIO &&)
public: class quantiloom::SpectralIO & quantiloom::SpectralIO::operator=(class quantiloom::SpectralIO const &)
public: class std::basic_string<char,struct std::char_traits<char>,class std::allocator<char> > const & quantiloom::ExternalRenderContext::GetPipelineCachePath(void)const
public: class std::basic_string<char,struct std::char_traits<char>,class std::allocator<char> > quantiloom::Config::Get<class std::basic_string<char,struct std::char_traits<char>,class std::allocator<char> > >(class std::basic_string_view<char,struct std::char_traits<char> >,class std::basic_string<char,struct std::char_traits<char>,class std::allocator<char> > const &)const
public: class std::basic_string<char,struct std::char_traits<char>,class std::allocator<char> > quantiloom::Config::GetString(class std::basic_string_view<char,struct std::char_traits<char> >,class std::basic_string<char,struct std::char_traits<char>,class std::allocator<char> > const &)const
public: class std::unordered_map<class std::basic_string<char,struct std::char_traits<char>,class std::allocator<char> >,class std::basic_string<char,struct std::char_traits<char>,class std::allocator<char> >,struct std::hash<class std::basic_string<char,struct std::char_traits<char>,class std::allocator<char> > >,struct std::equal_to<class std::basic_string<char,struct std::char_traits<char>,class std::allocator<char> > >,class std::allocator<struct std::pair<class std::basic_string<char,struct std::char_traits<char>,class std::allocator<char> > const ,class std::basic_string<char,struct std::char_traits<char>,class std::allocator<char> > > > > quantiloom::Config::GetSection(class std::basic_string_view<char,struct std::char_traits<char> >)const
public: class std::vector<__int64,class std::allocator<__int64> > quantiloom::Config::GetArray<__int64>(class std::basic_string_view<char,struct std::char_traits<char> >)const
public: class std::vector<bool,class std::allocator<bool> > quantiloom::Config::GetArray<bool>(class std::basic_string_view<char,struct std::char_traits<char> >)const
public: class std::vector<class quantiloom::Config,class std::allocator<class quantiloom::Config> > quantiloom::Config::GetTableArray(class std::basic_string_view<char,struct std::char_traits<char> >)const
public: class std::vector<class std::basic_string<char,struct std::char_traits<char>,class std::allocator<char> >,class std::allocator<class std::basic_string<char,struct std::char_traits<char>,class std::allocator<char> > > > quantiloom::Config::GetArray<class std::basic_string<char,struct std::char_traits<char>,class std::allocator<char> > >(class std::basic_string_view<char,struct std::char_traits<char> >)const
public: class std::vector<class std::basic_string<char,struct std::char_traits<char>,class std::allocator<char> >,class std::allocator<class std::basic_string<char,struct std::char_traits<char>,class std::allocator<char> > > > quantiloom::Config::GetStringArray(class std::basic_string_view<char,struct std::char_traits<char> >)const
public: class std::vector<double,class std::allocator<double> > quantiloom::Config::GetArray<double>(class std::basic_string_view<char,struct std::char_traits<char> >)const
public: class std::vector<double,class std::allocator<double> > quantiloom::Config::GetDoubleArray(class std::basic_string_view<char,struct std::char_traits<char> >)const
public: class std::vector<float,class std::allocator<float> > quantiloom::Config::GetArray<float>(class std::basic_string_view<char,struct std::char_traits<char> >)const
public: class std::vector<float,class std::allocator<float> > quantiloom::Config::GetFloatArray(class std::basic_string_view<char,struct std::char_traits<char> >)const
public: class std::vector<int,class std::allocator<int> > quantiloom::Config::GetArray<int>(class std::basic_string_view<char,struct std::char_traits<char> >)const
public: class std::vector<int,class std::allocator<int> > quantiloom::Config::GetIntArray(class std::basic_string_view<char,struct std::char_traits<char> >)const
public: class std::vector<unsigned __int64,class std::allocator<unsigned __int64> > quantiloom::Config::GetArray<unsigned __int64>(class std::basic_string_view<char,struct std::char_traits<char> >)const
public: class std::vector<unsigned int,class std::allocator<unsigned int> > quantiloom::Config::GetArray<unsigned int>(class std::basic_string_view<char,struct std::char_traits<char> >)const
public: double quantiloom::Config::Get<double>(class std::basic_string_view<char,struct std::char_traits<char> >,double const &)const
public: double quantiloom::Config::GetDouble(class std::basic_string_view<char,struct std::char_traits<char> >,double)const
public: enum quantiloom::DebugVisualizationMode quantiloom::ExternalRenderContext::GetDebugMode(void)const
public: enum quantiloom::SpectralMode quantiloom::ExternalRenderContext::GetSpectralMode(void)const
public: float quantiloom::Config::Get<float>(class std::basic_string_view<char,struct std::char_traits<char> >,float const &)const
public: float quantiloom::Config::GetFloat(class std::basic_string_view<char,struct std::char_traits<char> >,float)const
public: float quantiloom::ExternalRenderContext::GetLastFrameTimeMs(void)const
public: float quantiloom::ExternalRenderContext::GetWavelength(void)const
public: float quantiloom::Material::GetIREmissivity(float)const
public: float quantiloom::Material::GetIRReflectance(float)const
public: float quantiloom::Material::GetIRTransmittance(float)const
public: float quantiloom::Scene::GetBoundingBoxSize(void)const
public: int quantiloom::Config::Get<int>(class std::basic_string_view<char,struct std::char_traits<char> >,int const &)const
public: int quantiloom::Config::GetInt(class std::basic_string_view<char,struct std::char_traits<char> >,int)const
public: int quantiloom::ExternalRenderContext::AddComplexRefractiveIndex(struct quantiloom::ComplexRefractiveIndex const &)
public: int quantiloom::ExternalRenderContext::AddSpectralCurve(struct quantiloom::SpectralCurve const &)
public: quantiloom::AtmosphereNNConfig::AtmosphereNNConfig(struct quantiloom::AtmosphereNNConfig &&)
public: quantiloom::AtmosphereNNConfig::AtmosphereNNConfig(struct quantiloom::AtmosphereNNConfig const &)
public: quantiloom::AtmosphereNNConfig::AtmosphereNNConfig(void)
public: quantiloom::AtmosphereNNConfig::~AtmosphereNNConfig(void)
public: quantiloom::Config::Config(class quantiloom::Config &&)
public: quantiloom::Config::Config(class quantiloom::Config const &)
public: quantiloom::Config::Config(void)
public: quantiloom::Config::~Config(void)
public: quantiloom::ExternalRenderContext::ExternalRenderContext(class quantiloom::ExternalRenderContext &&)
public: quantiloom::ExternalRenderContext::~ExternalRenderContext(void)
public: quantiloom::GenericSensor::GenericSensor(void)
public: quantiloom::Material::Material(struct quantiloom::Material &&)
public: quantiloom::Material::Material(struct quantiloom::Material const &)
public: quantiloom::Material::Material(void)
public: quantiloom::Material::~Material(void)
public: quantiloom::Scene::Scene(class quantiloom::Scene &&)
public: quantiloom::Scene::Scene(class quantiloom::Scene const &)
public: quantiloom::Scene::Scene(void)
public: quantiloom::Scene::~Scene(void)
public: static bool quantiloom::ImageIO::FileExists(class std::basic_string<char,struct std::char_traits<char>,class std::allocator<char> > const &)
public: static bool quantiloom::ImageIO::WriteEXR(class std::basic_string<char,struct std::char_traits<char>,class std::allocator<char> > const &,struct quantiloom::Image const &)
public: static bool quantiloom::ImageIO::WritePNG(class std::basic_string<char,struct std::char_traits<char>,class std::allocator<char> > const &,struct quantiloom::Image const &)
public: static class quantiloom::Result<class quantiloom::Config,class std::basic_string<char,struct std::char_traits<char>,class std::allocator<char> > > quantiloom::Config::Load(class std::filesystem::path const &)
public: static class quantiloom::Result<class quantiloom::Scene,class std::basic_string<char,struct std::char_traits<char>,class std::allocator<char> > > quantiloom::Scene::FromConfig(class quantiloom::Config const &)
public: static class quantiloom::Result<class std::unique_ptr<class quantiloom::ExternalRenderContext,struct std::default_delete<class quantiloom::ExternalRenderContext> >,class std::basic_string<char,struct std::char_traits<char>,class std::allocator<char> > > quantiloom::ExternalRenderContext::Create(struct quantiloom::ExternalRenderContext::InitParams const &)
public: static class quantiloom::Result<class std::vector<struct std::pair<float,float>,class std::allocator<struct std::pair<float,float> > >,class std::basic_string<char,struct std::char_traits<char>,class std::allocator<char> > > quantiloom::SpectralIO::LoadSpectralCurveCSV(class std::filesystem::path const &)
public: static class quantiloom::Result<struct quantiloom::ComplexRefractiveIndex,class std::basic_string<char,struct std::char_traits<char>,class std::allocator<char> > > quantiloom::SpectralIO::LoadRefractiveIndexYAML(class std::filesystem::path const &)
public: static class quantiloom::Result<struct quantiloom::SpectralCurve,class std::basic_string<char,struct std::char_traits<char>,class std::allocator<char> > > quantiloom::SpectralIO::LoadASTMG173(class std::filesystem::path const &,unsigned int)
public: static class quantiloom::Result<struct quantiloom::SpectralCurve,class std::basic_string<char,struct std::char_traits<char>,class std::allocator<char> > > quantiloom::SpectralIO::LoadLibRadtranUvspec(class std::filesystem::path const &,unsigned int,class std::basic_string<char,struct std::char_traits<char>,class std::allocator<char> > const &)
public: static class quantiloom::Result<struct quantiloom::SpectralCurve,class std::basic_string<char,struct std::char_traits<char>,class std::allocator<char> > > quantiloom::SpectralIO::LoadUSGS(class std::filesystem::path const &,class std::filesystem::path const &)
public: static class quantiloom::Result<struct quantiloom::SpectralCurve,class std::basic_string<char,struct std::char_traits<char>,class std::allocator<char> > > quantiloom::SpectralIO::LoadUSGSAuto(class std::filesystem::path const &)
public: static class quantiloom::Result<struct std::pair<struct quantiloom::SpectralCurve,struct quantiloom::SpectralCurve>,class std::basic_string<char,struct std::char_traits<char>,class std::allocator<char> > > quantiloom::SpectralIO::LoadASTMG173SunAndSky(class std::filesystem::path const &)
public: static class quantiloom::Result<struct std::pair<struct quantiloom::SpectralCurve,struct quantiloom::SpectralCurve>,class std::basic_string<char,struct std::char_traits<char>,class std::allocator<char> > > quantiloom::SpectralIO::LoadLibRadtranSunAndSky(class std::filesystem::path const &,class std::basic_string<char,struct std::char_traits<char>,class std::allocator<char> > const &,unsigned int,unsigned int,bool)
public: static class std::optional<class std::tuple<unsigned int,unsigned int,unsigned int> > quantiloom::ImageIO::GetDimensions(class std::basic_string<char,struct std::char_traits<char>,class std::allocator<char> > const &)
public: static class std::optional<struct quantiloom::Image> quantiloom::ImageIO::ReadEXR(class std::basic_string<char,struct std::char_traits<char>,class std::allocator<char> > const &)
public: static class std::optional<struct quantiloom::Image> quantiloom::ImageIO::ReadImage(class std::basic_string<char,struct std::char_traits<char>,class std::allocator<char> > const &)
public: static enum quantiloom::Log::Level quantiloom::Log::GetLevel(void)
public: static struct quantiloom::Material quantiloom::Material::CreateLambertian(struct glm::vec<3,float,0> const &,class std::basic_string<char,struct std::char_traits<char>,class std::allocator<char> > const &)
public: static void quantiloom::Log::Critical(class std::basic_string_view<char,struct std::char_traits<char> >)
public: static void quantiloom::Log::Debug(class std::basic_string_view<char,struct std::char_traits<char> >)
public: static void quantiloom::Log::Error(class std::basic_string_view<char,struct std::char_traits<char> >)
public: static void quantiloom::Log::Flush(void)
public: static void quantiloom::Log::Info(class std::basic_string_view<char,struct std::char_traits<char> >)
public: static void quantiloom::Log::Init(char const *,enum quantiloom::Log::Level)
public: static void quantiloom::Log::LogMessage(enum quantiloom::Log::Level,class std::basic_string_view<char,struct std::char_traits<char> >)
public: static void quantiloom::Log::SetLevel(enum quantiloom::Log::Level)
public: static void quantiloom::Log::Shutdown(void)
public: static void quantiloom::Log::Trace(class std::basic_string_view<char,struct std::char_traits<char> >)
public: static void quantiloom::Log::Warn(class std::basic_string_view<char,struct std::char_traits<char> >)
public: struct quantiloom::AtmosphereNNConfig & quantiloom::AtmosphereNNConfig::operator=(struct quantiloom::AtmosphereNNConfig &&)
public: struct quantiloom::AtmosphereNNConfig & quantiloom::AtmosphereNNConfig::operator=(struct quantiloom::AtmosphereNNConfig const &)
public: struct quantiloom::AtmosphereNNConfig const & quantiloom::ExternalRenderContext::GetAtmosphere(void)const
public: struct quantiloom::ExternalRenderContext::CLAHEParams const & quantiloom::ExternalRenderContext::GetCLAHEParams(void)const
public: struct quantiloom::LightingParams const & quantiloom::ExternalRenderContext::GetLightingParams(void)const
public: struct quantiloom::Material & quantiloom::Material::operator=(struct quantiloom::Material &&)
public: struct quantiloom::Material & quantiloom::Material::operator=(struct quantiloom::Material const &)
public: struct quantiloom::SensorParams const & quantiloom::ExternalRenderContext::GetGPUSensorParams(void)const
public: unsigned __int64 quantiloom::AtmosphereNNConfig::BakeHash(void)const
public: unsigned __int64 quantiloom::Config::Get<unsigned __int64>(class std::basic_string_view<char,struct std::char_traits<char> >,unsigned __int64 const &)const
public: unsigned __int64 quantiloom::Config::GetUInt64(class std::basic_string_view<char,struct std::char_traits<char> >,unsigned __int64)const
public: unsigned int quantiloom::Config::Get<unsigned int>(class std::basic_string_view<char,struct std::char_traits<char> >,unsigned int const &)const
public: unsigned int quantiloom::Config::GetUInt(class std::basic_string_view<char,struct std::char_traits<char> >,unsigned int)const
public: unsigned int quantiloom::ExternalRenderContext::AddMesh(struct quantiloom::Mesh const &,struct glm::mat<4,4,float,0> const &)
public: unsigned int quantiloom::ExternalRenderContext::GetAccumulatedSamples(void)const
public: unsigned int quantiloom::ExternalRenderContext::GetSPP(void)const
public: unsigned int quantiloom::ExternalRenderContext::GetSamplingSeed(void)const
public: unsigned int quantiloom::Scene::GetTotalTriangleCount(void)const
public: unsigned int quantiloom::Scene::GetTotalVertexCount(void)const
public: virtual class quantiloom::Result<struct quantiloom::SensorOutput,class std::basic_string<char,struct std::char_traits<char>,class std::allocator<char> > > quantiloom::GenericSensor::Apply(struct quantiloom::Image const &,struct quantiloom::SensorParams const &)
public: virtual quantiloom::GenericSensor::~GenericSensor(void)
public: void quantiloom::Config::Print(void)const
public: void quantiloom::ExternalRenderContext::RebuildAccelerationStructure(void)
public: void quantiloom::ExternalRenderContext::RenderFrame(struct VkCommandBuffer_T *,struct VkImage_T *,enum VkImageLayout,unsigned int,unsigned int)
public: void quantiloom::ExternalRenderContext::ResetAccumulation(void)
public: void quantiloom::ExternalRenderContext::Resize(unsigned int,unsigned int)
public: void quantiloom::ExternalRenderContext::SetAtmosphere(struct quantiloom::AtmosphereNNConfig const &)
public: void quantiloom::ExternalRenderContext::SetCLAHEParams(struct quantiloom::ExternalRenderContext::CLAHEParams const &)
public: void quantiloom::ExternalRenderContext::SetCameraFOV(float)
public: void quantiloom::ExternalRenderContext::SetCameraLookAt(struct glm::vec<3,float,0> const &,struct glm::vec<3,float,0> const &,struct glm::vec<3,float,0> const &)
public: void quantiloom::ExternalRenderContext::SetCameraViewMatrix(struct glm::mat<4,4,float,0> const &)
public: void quantiloom::ExternalRenderContext::SetDebugMode(enum quantiloom::DebugVisualizationMode)
public: void quantiloom::ExternalRenderContext::SetGPUSensorEnabled(bool)
public: void quantiloom::ExternalRenderContext::SetGPUSensorParams(struct quantiloom::SensorParams const &)
public: void quantiloom::ExternalRenderContext::SetLightingParams(struct quantiloom::LightingParams const &)
public: void quantiloom::ExternalRenderContext::SetNodeTransform(unsigned int,struct glm::mat<4,4,float,0> const &)
public: void quantiloom::ExternalRenderContext::SetSPP(unsigned int)
public: void quantiloom::ExternalRenderContext::SetSamplingSeed(unsigned int)
public: void quantiloom::ExternalRenderContext::SetSkyRadiance(struct glm::vec<3,float,0> const &)
public: void quantiloom::ExternalRenderContext::SetSolarSpectralLUT(struct quantiloom::SpectralCurve const &,struct quantiloom::SpectralCurve const &)
public: void quantiloom::ExternalRenderContext::SetSpectralMode(enum quantiloom::SpectralMode)
public: void quantiloom::ExternalRenderContext::SetSunDirection(struct glm::vec<3,float,0> const &)
public: void quantiloom::ExternalRenderContext::SetSunRadiance(struct glm::vec<3,float,0> const &)
public: void quantiloom::ExternalRenderContext::SetWavelength(float)
public: void quantiloom::ExternalRenderContext::UpdateMaterial(unsigned int,struct quantiloom::Material const &)
public: void quantiloom::Material::ComputeSpectralAlbedo(void)
public: void quantiloom::Scene::PrintSummary(void)const
