class std::span<struct spectraforge::IRMaterialEntry const ,-1> spectraforge::GetBuiltinDatabase(void)
public: class spectraforge::SpectraForge & spectraforge::SpectraForge::operator=(class spectraforge::SpectraForge &&)
public: class spectraforge::SpectraForge & spectraforge::SpectraForge::operator=(class spectraforge::SpectraForge const &)
public: spectraforge::ClusterResult::ClusterResult(struct spectraforge::ClusterResult &&)
public: spectraforge::ClusterResult::ClusterResult(struct spectraforge::ClusterResult const &)
public: spectraforge::ClusterResult::ClusterResult(void)
public: spectraforge::ClusterResult::~ClusterResult(void)
public: spectraforge::ForgeConfig::ForgeConfig(void)
public: spectraforge::ForgeResult::ForgeResult(struct spectraforge::ForgeResult &&)
public: spectraforge::ForgeResult::ForgeResult(struct spectraforge::ForgeResult const &)
public: spectraforge::ForgeResult::ForgeResult(void)
public: spectraforge::ForgeResult::~ForgeResult(void)
public: static bool spectraforge::SpectraForge::ProcessSingle(struct quantiloom::Material &,struct quantiloom::Texture const *,float,unsigned int)
public: static class std::span<struct spectraforge::IRMaterialEntry const ,-1> spectraforge::SpectraForge::GetDatabase(void)
public: static struct spectraforge::ForgeResult spectraforge::SpectraForge::Process(class quantiloom::Scene const &,class std::vector<struct quantiloom::Material,class std::allocator<struct quantiloom::Material> > &,struct spectraforge::ForgeConfig const &)
public: struct spectraforge::ClusterResult & spectraforge::ClusterResult::operator=(struct spectraforge::ClusterResult &&)
public: struct spectraforge::ClusterResult & spectraforge::ClusterResult::operator=(struct spectraforge::ClusterResult const &)
public: struct spectraforge::ForgeConfig & spectraforge::ForgeConfig::operator=(struct spectraforge::ForgeConfig &&)
public: struct spectraforge::ForgeConfig & spectraforge::ForgeConfig::operator=(struct spectraforge::ForgeConfig const &)
public: struct spectraforge::ForgeResult & spectraforge::ForgeResult::operator=(struct spectraforge::ForgeResult &&)
public: struct spectraforge::ForgeResult & spectraforge::ForgeResult::operator=(struct spectraforge::ForgeResult const &)
struct spectraforge::ClusterResult spectraforge::ClusterTextureColors(unsigned char const *,unsigned int,unsigned int,unsigned int,bool,unsigned int,unsigned int)
struct spectraforge::IRMaterialEntry const & spectraforge::MatchMaterial(struct spectraforge::LABColor const &,float)
struct spectraforge::LABColor spectraforge::RGBToLAB(float,float,float)
void spectraforge::GenerateIRCurves(struct spectraforge::IRMaterialEntry const &,class std::vector<struct std::pair<float,float>,class std::allocator<struct std::pair<float,float> > > &,class std::vector<struct std::pair<float,float>,class std::allocator<struct std::pair<float,float> > > &,class std::vector<struct std::pair<float,float>,class std::allocator<struct std::pair<float,float> > > &)
